// Jest Snapshot v1, https://goo.gl/fbAQLP

exports[`Add Branch should render Add Branch 1`] = `ShallowWrapper {}`;
