// Jest Snapshot v1, https://goo.gl/fbAQLP

exports[`AddUser should render AddUser  1`] = `ShallowWrapper {}`;
