// Jest Snapshot v1, https://goo.gl/fbAQLP

exports[`Login Officer should render Login Officer 1`] = `ShallowWrapper {}`;
