// Jest Snapshot v1, https://goo.gl/fbAQLP

exports[`Form Payment should render Form Payment 1`] = `ShallowWrapper {}`;
