// Jest Snapshot v1, https://goo.gl/fbAQLP

exports[`Login Customer should render Login Customer 1`] = `ShallowWrapper {}`;
